*Aug 06, 18:16:46.1616: %LINEPROTO-5-UPDOWN: Line protocol on Interface Vlan10, changed state to up

*Aug 06, 18:16:46.1616: %LINEPROTO-5-UPDOWN: Line protocol on Interface Vlan20, changed state to up

*Aug 06, 18:16:46.1616: %LINEPROTO-5-UPDOWN: Line protocol on Interface Vlan20, changed state to up

*Aug 06, 18:16:46.1616: %LINK-5-CHANGED: Interface FastEthernet0/2, changed state to up

*Aug 06, 18:16:46.1616: %LINK-5-CHANGED: Interface FastEthernet0/2, changed state to up

*Aug 06, 18:16:46.1616: %LINEPROTO-5-UPDOWN: Line protocol on Interface FastEthernet0/2, changed state to up

*Aug 06, 18:16:46.1616: %LINEPROTO-5-UPDOWN: Line protocol on Interface FastEthernet0/2, changed state to up

*Aug 06, 18:16:46.1616: %LINK-5-CHANGED: Interface FastEthernet0/3, changed state to up

*Aug 06, 18:16:46.1616: %LINK-5-CHANGED: Interface FastEthernet0/3, changed state to up

*Aug 06, 18:16:46.1616: %LINEPROTO-5-UPDOWN: Line protocol on Interface FastEthernet0/3, changed state to up

*Aug 06, 18:16:46.1616: %LINEPROTO-5-UPDOWN: Line protocol on Interface FastEthernet0/3, changed state to up

*Aug 06, 18:16:46.1616: %LINEPROTO-5-UPDOWN: Line protocol on Interface Vlan30, changed state to up

*Aug 06, 18:16:46.1616: %LINEPROTO-5-UPDOWN: Line protocol on Interface Vlan30, changed state to up

*Aug 06, 18:16:46.1616: %LINK-5-CHANGED: Interface FastEthernet0/4, changed state to up

*Aug 06, 18:16:46.1616: %LINK-5-CHANGED: Interface FastEthernet0/4, changed state to up

*Aug 06, 18:16:46.1616: %LINEPROTO-5-UPDOWN: Line protocol on Interface FastEthernet0/4, changed state to up

*Aug 06, 18:16:46.1616: %LINEPROTO-5-UPDOWN: Line protocol on Interface FastEthernet0/4, changed state to up

*Aug 06, 18:16:46.1616: %LINK-5-CHANGED: Interface FastEthernet0/5, changed state to up

*Aug 06, 18:16:46.1616: %LINK-5-CHANGED: Interface FastEthernet0/5, changed state to up

*Aug 06, 18:16:46.1616: %LINEPROTO-5-UPDOWN: Line protocol on Interface FastEthernet0/5, changed state to up

*Aug 06, 18:16:46.1616: %LINEPROTO-5-UPDOWN: Line protocol on Interface FastEthernet0/5, changed state to up

*Aug 06, 18:16:46.1616: %LINEPROTO-5-UPDOWN: Line protocol on Interface Vlan40, changed state to up

*Aug 06, 18:16:46.1616: %LINEPROTO-5-UPDOWN: Line protocol on Interface Vlan40, changed state to up

*Aug 06, 22:15:22.1515: %LINK-3-UPDOWN: Interface FastEthernet0/5, changed state to down

*Aug 06, 22:15:22.1515: %LINK-3-UPDOWN: Interface FastEthernet0/5, changed state to down

*Aug 06, 22:15:22.1515: %LINEPROTO-5-UPDOWN: Line protocol on Interface FastEthernet0/5, changed state to down

*Aug 06, 22:15:22.1515: %LINEPROTO-5-UPDOWN: Line protocol on Interface FastEthernet0/5, changed state to down

*Aug 06, 22:15:22.1515: %LINEPROTO-5-UPDOWN: Line protocol on Interface Vlan40, changed state to down

*Aug 06, 22:15:22.1515: %LINEPROTO-5-UPDOWN: Line protocol on Interface Vlan40, changed state to down

*Aug 08, 01:09:50.099: SYS-5-CONFIG_I: Configured from console by console

*Aug 08, 01:09:50.099: SYS-5-CONFIG_I: Configured from console by console

*Aug 08, 01:45:15.4545: %LINK-5-CHANGED: Interface Vlan20, changed state to administratively down

*Aug 08, 01:45:15.4545: %LINK-5-CHANGED: Interface Vlan20, changed state to administratively down

*Aug 08, 01:45:15.4545: %LINEPROTO-5-UPDOWN: Line protocol on Interface Vlan20, changed state to down

*Aug 08, 01:45:15.4545: %LINEPROTO-5-UPDOWN: Line protocol on Interface Vlan20, changed state to down

*Aug 08, 01:45:23.4545: %LINK-3-UPDOWN: Interface Vlan20, changed state to down

*Aug 08, 01:45:23.4545: %LINK-3-UPDOWN: Interface Vlan20, changed state to down

*Aug 08, 01:45:23.4545: %LINEPROTO-5-UPDOWN: Line protocol on Interface Vlan20, changed state to up

*Aug 08, 01:45:23.4545: %LINEPROTO-5-UPDOWN: Line protocol on Interface Vlan20, changed state to up

*Aug 08, 02:09:46.099: SYS-5-CONFIG_I: Configured from console by console

*Aug 08, 02:09:46.099: SYS-5-CONFIG_I: Configured from console by console

*Aug 08, 19:36:26.3636: SYS-5-CONFIG_I: Configured from console by console

*Aug 08, 19:36:26.3636: SYS-5-CONFIG_I: Configured from console by console

